# Mixed HBM (KV cache) + HBF (weights) trace — small hybrid workload.
# HBM addrs: 0x0000000000 - 0x0C00000000 (96 GB range)
# HBF addrs: 0x1800000000+ (512 GB range)
0 R 0x1800000000 16384 0 attn_weight
-1 R 0x1800004000 16384 0 attn_weight
-1 R 0x1800008000 16384 0 attn_weight
-1 R 0x180000c000 16384 0 attn_weight
-1 R 0x0000000000 64 0 kv_read
-1 R 0x0000000040 64 0 kv_read
-1 R 0x0000000080 64 0 kv_read
-1 R 0x00000000c0 64 0 kv_read
-1 W 0x0000010000 64 0 kv_write
-1 R 0x1800010000 16384 0 ffn_weight
-1 R 0x1800014000 16384 0 ffn_weight
-1 R 0x1800018000 16384 0 ffn_weight
-1 R 0x180001c000 16384 0 ffn_weight
-1 R 0x1800020000 16384 1 attn_weight
-1 R 0x1800024000 16384 1 attn_weight
-1 R 0x1800028000 16384 1 attn_weight
-1 R 0x180002c000 16384 1 attn_weight
-1 R 0x0000000100 64 1 kv_read
-1 R 0x0000000140 64 1 kv_read
-1 R 0x0000000180 64 1 kv_read
-1 R 0x00000001c0 64 1 kv_read
-1 W 0x0000010040 64 1 kv_write
-1 R 0x1800030000 16384 1 ffn_weight
-1 R 0x1800034000 16384 1 ffn_weight
