# Synthetic sequential HBF read trace. Timestamps are -1 (back-to-back).
# Addresses start at hbf_base_addr = 0x1800000000 and stride by page (16 KB).
# Format: <timestamp> <type> <addr> <size> [<layer_id>] [<op_name>]
0 R 0x1800000000 16384 0 seq_read
-1 R 0x1800004000 16384 0 seq_read
-1 R 0x1800008000 16384 0 seq_read
-1 R 0x180000c000 16384 0 seq_read
-1 R 0x1800010000 16384 0 seq_read
-1 R 0x1800014000 16384 0 seq_read
-1 R 0x1800018000 16384 0 seq_read
-1 R 0x180001c000 16384 0 seq_read
-1 R 0x1800020000 16384 0 seq_read
-1 R 0x1800024000 16384 0 seq_read
-1 R 0x1800028000 16384 0 seq_read
-1 R 0x180002c000 16384 0 seq_read
-1 R 0x1800030000 16384 0 seq_read
-1 R 0x1800034000 16384 0 seq_read
-1 R 0x1800038000 16384 0 seq_read
-1 R 0x180003c000 16384 0 seq_read
-1 R 0x1800040000 16384 0 seq_read
-1 R 0x1800044000 16384 0 seq_read
-1 R 0x1800048000 16384 0 seq_read
-1 R 0x180004c000 16384 0 seq_read
-1 R 0x1800050000 16384 0 seq_read
-1 R 0x1800054000 16384 0 seq_read
-1 R 0x1800058000 16384 0 seq_read
-1 R 0x180005c000 16384 0 seq_read
-1 R 0x1800060000 16384 0 seq_read
-1 R 0x1800064000 16384 0 seq_read
-1 R 0x1800068000 16384 0 seq_read
-1 R 0x180006c000 16384 0 seq_read
-1 R 0x1800070000 16384 0 seq_read
-1 R 0x1800074000 16384 0 seq_read
-1 R 0x1800078000 16384 0 seq_read
-1 R 0x180007c000 16384 0 seq_read
